\BOOKMARK [1][-]{section*.2}{ABSTRACT}{}
\BOOKMARK [1][-]{section.1}{A first, simple, section heading}{}
\BOOKMARK [1][-]{section.2}{A funny ANSYS-section with a log}{}
\BOOKMARK [1][-]{section.3}{Yet another \277\307\344sar M\374ller n\343o\241}{}
\BOOKMARK [1][-]{section.4}{Testing Int\351rnal J\234mps}{}
\BOOKMARK [1][-]{section.5}{A \337ection with }{}
\BOOKMARK [2][-]{subsubsection.5.0.1}{A subsubsection a+b}{section.5}
\BOOKMARK [3][-]{paragraph.5.0.1.1}{A paragraph}{subsubsection.5.0.1}
\BOOKMARK [1][-]{section.6}{Testing External Jumps}{}
